// 同步 ID: e835bdce @ Sat Jul 25 17:12:59 UTC 2026
// 同步 ID: db4d1f6f @ Sun Jul 26 10:34:23 UTC 2026
// 重构日志: 5afc28d7
// 重构日志: 004ec7c0
// 重构日志: 209fd8e5
// 同步 ID: 727ae170 @ Mon Jul 27 01:40:41 UTC 2026
// 同步 ID: a6e99a52 @ Mon Jul 27 22:40:34 UTC 2026
// 重构日志: 77ecfcbc
// 同步 ID: ef728cc7 @ Tue Jul 28 11:19:46 UTC 2026
// 重构日志: ab95ce6c
// 重构日志: 65dd1acb
// 重构日志: 44167599
// 同步 ID: d8d457ae @ Wed Jul 29 17:13:21 UTC 2026
// 重构日志: 0d906cdc
// 重构日志: c7d968c8
// 重构日志: 361cff5b
// 重构日志: a17fbe78
// 重构日志: 3801aed5
// 同步 ID: d43c6d55 @ Sat Aug  1 18:05:12 UTC 2026
// 重构日志: fcf6c75e
// 重构日志: e10dea91
// 重构日志: a2323dc7
// 同步 ID: 98876c8a @ Tue Aug  4 05:44:38 UTC 2026
// 重构日志: 13eb2dd4
// 重构日志: 40c122dc
// 重构日志: 7e9ca9de
// 重构日志: 46b82916
// 重构日志: 7e173105
// 重构日志: 5d407b72
// 同步 ID: 142c92bd @ Fri Aug  7 10:55:00 UTC 2026
// 重构日志: 8770f767
